[debug] [2026-02-28T08:19:15.277Z] ----------------------------------------------------------------------
[debug] [2026-02-28T08:19:15.279Z] Command:       /Users/mirko/.nvm/versions/node/v24.13.0/bin/node /Users/mirko/.nvm/versions/node/v24.13.0/bin/firebase deploy --only hosting
[debug] [2026-02-28T08:19:15.279Z] CLI Version:   15.8.0
[debug] [2026-02-28T08:19:15.279Z] Platform:      darwin
[debug] [2026-02-28T08:19:15.279Z] Node Version:  v24.13.0
[debug] [2026-02-28T08:19:15.279Z] Time:          Sat Feb 28 2026 09:19:15 GMT+0100 (Central European Standard Time)
[debug] [2026-02-28T08:19:15.279Z] ----------------------------------------------------------------------
[debug] 
[debug] [2026-02-28T08:19:15.280Z] >>> [apiv2][query] GET https://firebase-public.firebaseio.com/cli.json [none]
[debug] [2026-02-28T08:19:16.003Z] > command requires scopes: ["email","openid","https://www.googleapis.com/auth/cloudplatformprojects.readonly","https://www.googleapis.com/auth/firebase","https://www.googleapis.com/auth/cloud-platform"]
[debug] [2026-02-28T08:19:16.003Z] > authorizing via signed-in user (mirko@vietnamonamour.com)
[debug] [2026-02-28T08:19:16.003Z] [iam] checking project vtn25-475411 for permissions ["firebase.projects.get","firebasehosting.sites.update"]
[debug] [2026-02-28T08:19:16.004Z] Checked if tokens are valid: false, expires at: 1772142669513
[debug] [2026-02-28T08:19:16.004Z] Checked if tokens are valid: false, expires at: 1772142669513
[debug] [2026-02-28T08:19:16.004Z] > refreshing access token with scopes: []
[debug] [2026-02-28T08:19:16.004Z] >>> [apiv2][query] POST https://www.googleapis.com/oauth2/v3/token [none]
[debug] [2026-02-28T08:19:16.004Z] >>> [apiv2][body] POST https://www.googleapis.com/oauth2/v3/token [omitted]
[debug] [2026-02-28T08:19:16.100Z] <<< [apiv2][status] POST https://www.googleapis.com/oauth2/v3/token 400
[debug] [2026-02-28T08:19:16.100Z] <<< [apiv2][body] POST https://www.googleapis.com/oauth2/v3/token [omitted]
[error] Authentication Error: Your credentials are no longer valid. Please run firebase login --reauth

For CI servers and headless environments, generate a new token with firebase login:ci
[error] Authentication Error: Your credentials are no longer valid. Please run firebase login --reauth

For CI servers and headless environments, generate a new token with firebase login:ci
[debug] [2026-02-28T08:19:16.100Z] [iam] error while checking permissions, command may fail: Authentication Error: Your credentials are no longer valid. Please run firebase login --reauth

For CI servers and headless environments, generate a new token with firebase login:ci
[debug] [2026-02-28T08:19:16.101Z] Checked if tokens are valid: false, expires at: 1772142669513
[debug] [2026-02-28T08:19:16.101Z] Checked if tokens are valid: false, expires at: 1772142669513
[debug] [2026-02-28T08:19:16.101Z] > refreshing access token with scopes: []
[debug] [2026-02-28T08:19:16.101Z] >>> [apiv2][query] POST https://www.googleapis.com/oauth2/v3/token [none]
[debug] [2026-02-28T08:19:16.101Z] >>> [apiv2][body] POST https://www.googleapis.com/oauth2/v3/token [omitted]
[debug] [2026-02-28T08:19:16.146Z] <<< [apiv2][status] POST https://www.googleapis.com/oauth2/v3/token 400
[debug] [2026-02-28T08:19:16.146Z] <<< [apiv2][body] POST https://www.googleapis.com/oauth2/v3/token [omitted]
[error] Authentication Error: Your credentials are no longer valid. Please run firebase login --reauth

For CI servers and headless environments, generate a new token with firebase login:ci
[error] Authentication Error: Your credentials are no longer valid. Please run firebase login --reauth

For CI servers and headless environments, generate a new token with firebase login:ci
[debug] [2026-02-28T08:19:16.146Z] Authentication Error: Your credentials are no longer valid. Please run firebase login --reauth

For CI servers and headless environments, generate a new token with firebase login:ci
[error] 
[error] Error: Assertion failed: resolving hosting target of a site with no site name or target name. This should have caused an error earlier
[debug] [2026-02-28T08:19:16.266Z] <<< [apiv2][status] GET https://firebase-public.firebaseio.com/cli.json 200
[debug] [2026-02-28T08:19:16.266Z] <<< [apiv2][body] GET https://firebase-public.firebaseio.com/cli.json {"cloudBuildErrorAfter":1594252800000,"cloudBuildWarnAfter":1590019200000,"defaultNode10After":1594252800000,"minVersion":"3.0.5","node8DeploysDisabledAfter":1613390400000,"node8RuntimeDisabledAfter":1615809600000,"node8WarnAfter":1600128000000}
